[backblue.gif]
[fade.gif]
[index.html]
[3dui.org/2017/sites/default/files/favicon.png]
[cdn.jsdelivr.net/bootstrap/3.3.2/css/bootstrap.min.css]
[maxcdn.bootstrapcdn.com/font-awesome/4.2.0/css/font-awesome.min.css]
[3dui.org/2017/sites/all/modules/jquery_update/replace/jquery/1.9/jquery.min.js-v=1.9.1.js]
[3dui.org/2017/misc/jquery.once.js-v=1.2.js]
[3dui.org/2017/misc/drupal.js-ol7r1z.js]
[3dui.org/2017/sites/all/modules/jquery_update/replace/jquery/1.9/jquery.min.js]
[cdn.jsdelivr.net/bootstrap/3.3.2/js/bootstrap.min.js]
[3dui.org/2017/misc/jquery.once.js]
[3dui.org/2017/misc/drupal.js]
[3dui.org/2017/sites/default/files/3dui-logo_0.png]
[3dui.org/2017/sites/default/files/3dui2017/maud.jpg]
[3dui.org/2017/sites/default/files/3dui2017/rob-teather.jpg]
[3dui.org/2017/sites/default/files/3dui2017/bruce.jpg]
[3dui.org/2017/sites/default/files/3dui2016/logo-ieeeDark.jpg]
[3dui.org/2017/sites/default/files/3dui2016/logo-vgtcDark.jpg]
[3dui.org/2017/sites/default/files/3dui2016/logo-ieeeCSDark.jpg]
[3dui.org/2017/sites/all/themes/color_glass/js/bootstrap.js-ol7r1z.js]
[ajax.googleapis.com/ajax/libs/jquery/1.11.1/jquery.js]
[3dui.org/2017/index.html]
[3dui.org/2017/misc/pop-up.js]
[3dui.org/2017/misc/throbber-inactive.png]
[3dui.org/2017/misc/throbber-active.gif]
[3dui.org/2017/misc/grippie.png]
[3dui.org/2017/misc/draggable.png]
[3dui.org/2017/misc/tree.png]
[3dui.org/2017/misc/tree-bottom.png]
[3dui.org/2017/modules/system/system.base.css-ol7r1z.css]
[3dui.org/2017/sites/all/modules/calendar/css/calendar_multiday.css-ol7r1z.css]
[3dui.org/2017/sites/all/modules/date/date_api/date.css-ol7r1z.css]
[3dui.org/2017/sites/all/modules/date/date_popup/themes/datepicker.1.7.css-ol7r1z.css]
[3dui.org/2017/modules/field/theme/field.css-ol7r1z.css]
[3dui.org/2017/modules/node/node.css-ol7r1z.css]
[3dui.org/2017/sites/all/modules/views/css/views.css-ol7r1z.css]
[3dui.org/2017/sites/all/modules/ctools/images/status-active.gif]
[3dui.org/2017/sites/all/modules/ctools/css/ctools.css-ol7r1z.css]
[cdn.jsdelivr.net/bootstrap/3.3.2/css/bootstrap.min.css]
[maxcdn.bootstrapcdn.com/font-awesome/4.2.0/css/font-awesome.min.css]
[3dui.org/2017/misc/pop-up.css]
[3dui.org/2017/sites/all/themes/color_glass/css/overrides.css-ol7r1z.css]
[3dui.org/2017/sites/all/themes/color_glass/css/images/sprite.png]
[3dui.org/2017/sites/all/themes/color_glass/css/images/bg-register.png]
[3dui.org/2017/sites/all/themes/color_glass/css/images/img-bg.jpg]
[3dui.org/2017/sites/all/themes/color_glass/css/images/img-Smask.png]
[3dui.org/2017/sites/all/themes/color_glass/css/images/bg-footer.png]
[3dui.org/2017/sites/all/themes/color_glass/css/images/img-list.png]
[3dui.org/2017/sites/all/themes/color_glass/css/main.css-ol7r1z.css]
[3dui.org/2017/sites/all/themes/color_glass/css/responsive.css-ol7r1z.css]
[3dui.org/2017/sites/all/themes/color_glass/css/color.css-ol7r1z.css]
[3dui.org/2017/sites/all/modules/calendar/css/calendar_multiday.css]
[3dui.org/2017/sites/all/modules/date/date_api/date.css]
[3dui.org/2017/sites/all/modules/date/date_popup/themes/datepicker.1.7.css]
[3dui.org/2017/modules/field/theme/field.css]
[3dui.org/2017/modules/node/node.css]
[3dui.org/2017/sites/all/modules/views/css/views.css]
[3dui.org/2017/sites/all/modules/ctools/css/ctools.css]
[3dui.org/2017/sites/all/themes/color_glass/css/overrides.css]
[3dui.org/2017/sites/all/themes/color_glass/css/main.css]
[3dui.org/2017/sites/all/themes/color_glass/css/responsive.css]
[3dui.org/2017/sites/all/themes/color_glass/css/color.css]
[3dui.org/sites/all/color_glass/css/images.html]
[3dui.org/2017/index-2.html]
[3dui.org/2017/sites/all/themes/color_glass/js/gmap.js]
[3dui.org/2017/sites/default/files/3dui2017/hotelMarriot.jpg]
[3dui.org/2017/venue.html]
[3dui.org/venue.html]
[3dui.org/2017/sites/default/files/3dui2017/BestPaper.jpg]
[3dui.org/2017/sites/default/files/3dui2017/HonorablePaper.jpg]
[3dui.org/2017/sites/default/files/3dui2017/BestTechnote.jpg]
[3dui.org/2017/sites/default/files/3dui2017/HonorableTechnote.jpg]
[3dui.org/2017/awards.html]
[3dui.org/2017/program.html]
[3dui.org/program.html]
[3dui.org/2017/sites/default/files/3dui2017/MockUp.pdf]
[3dui.org/2017/contest.html]
[3dui.org/2017/cfp-papers.html]
[3dui.org/2017/conference_committee.html]
[3dui.org/conference_committee.html]
[3dui.org/2017/2016/index.html]
[3dui.org/2017/misc/bg.html]
[3dui.org/node/49.html]
[3dui.org/2017/sites/default/files/3dui2017/3DUI2017-Template.pptx]
[3dui.org/2017/presenters.html]
[3dui.org/awards.html]
[3dui.org/node/44.html]
[3dui.org/2017/sites/default/files/3dui2017/BestPoster.jpg]
[3dui.org/2017/sites/default/files/3dui2017/HonorablePoster.jpg]
[3dui.org/2017/posterAwards.html]
[3dui.org/2017/sites/default/files/3dui2017/BestContest.jpg]
[3dui.org/2017/sites/default/files/3dui2017/HonorableContest.jpg]
[3dui.org/2017/contest_awards.html]
[3dui.org/sites/default/files/3dui2017/BestPaper.html]
[3dui.org/sites/default/files/3dui2017/HonorablePaper.html]
[3dui.org/sites/default/files/3dui2017/BestTechnote.html]
[3dui.org/sites/default/files/3dui2017/HonorableTechnote.html]
[3dui.org/node/1.html]
[3dui.org/2017/sites/default/files/3dui2017/rekimotoport.jpg]
[3dui.org/2017/keynote.html]
[3dui.org/2017/sites/default/files/3dui2017/static_qr_code_without_logo.jpg.png]
[3dui.org/2017/posters.html]
[3dui.org/contest.html]
[3dui.org/node/31.html]
[3dui.org/2017/contestants.html]
[3dui.org/2017/formatting.html]
[3dui.org/cfp-papers.html]
[3dui.org/node/5.html]
[3dui.org/2017/cfp-posters.html]
[3dui.org/2017/double-submission.html]
[3dui.org/node/4.html]
[3dui.org/presenters.html]
[3dui.org/node/62.html]
[3dui.org/posterAwards.html]
[3dui.org/node/60.html]
[3dui.org/sites/default/files/3dui2017/BestPoster.html]
[3dui.org/sites/default/files/3dui2017/HonorablePoster.html]
[3dui.org/contest_awards.html]
[3dui.org/node/50.html]
[3dui.org/sites/default/files/3dui2017/BestContest.html]
[3dui.org/sites/default/files/3dui2017/HonorableContest.html]
[3dui.org/keynote.html]
[3dui.org/node/13.html]
[3dui.org/posters.html]
[3dui.org/node/42.html]
[3dui.org/contestants.html]
[3dui.org/node/43.html]
[3dui.org/www.youtube.com/embed/sFQjRKZByHE-list=PL5d4WtkvirVAh5vgM6RmQid4FvSk-uV0Y.html]
[3dui.org/www.youtube.com/embed/UmY102jyqrc-list=PL5d4WtkvirVAh5vgM6RmQid4FvSk-uV0Y.html]
[3dui.org/www.youtube.com/embed/HiOUlQpPGh8-list=PL5d4WtkvirVAh5vgM6RmQid4FvSk-uV0Y.html]
[3dui.org/www.youtube.com/embed/z1GvxDiG6_0-list=PL5d4WtkvirVAh5vgM6RmQid4FvSk-uV0Y.html]
[3dui.org/www.youtube.com/embed/t11O74ZDmq4-list=PL5d4WtkvirVAh5vgM6RmQid4FvSk-uV0Y.html]
[3dui.org/www.youtube.com/embed/lXSAkIIv9e0-list=PL5d4WtkvirVAh5vgM6RmQid4FvSk-uV0Y.html]
[3dui.org/www.youtube.com/embed/ji_QHwcV3l4-list=PL5d4WtkvirVAh5vgM6RmQid4FvSk-uV0Y.html]
[3dui.org/formatting.html]
[3dui.org/node/61.html]
[3dui.org/cfp-posters.html]
[3dui.org/node/6.html]
[3dui.org/double-submission.html]
[3dui.org/node/32.html]
